// Jest Snapshot v1, https://goo.gl/fbAQLP

exports[`should withActivePlayer render correctly 1`] = `<div />`;
