// Jest Snapshot v1, https://goo.gl/fbAQLP

exports[`should withUserAnswer render correctly 1`] = `<div />`;
