// Jest Snapshot v1, https://goo.gl/fbAQLP

exports[`should withAudio render correctly 1`] = `<audio />`;
